---
source: crates/djangofmt_lint/tests/check/main.rs
---
<!-- Single-line block -->
<title>{% block title %}Home{% endblock %}</title>

<!-- Single-line partialdef -->
{% partialdef icon %}<svg></svg>{% endpartialdef %}

<!-- Real-world (Misago): a block in attribute position -->
<form method="post" {% block form_extra %}{% endblock %}></form>
