---
source: crates/djangofmt_lint/tests/check/main.rs
---

  × Redundant label on `{% endblock %}` of a single-line block
   ╭─[tests/check/redundant_endblock_label/redundant_endblock_label.invalid.html:2:41]
 1 │ <!-- Single-line block -->
 2 │ <title>{% block title %}Home{% endblock title %}</title>
   ·                                         ──┬──
   ·                                           ╰── here
 3 │ 
   ╰────
  help: Write it as `{% endblock %}`

  × Redundant label on `{% endpartialdef %}` of a single-line block
   ╭─[tests/check/redundant_endblock_label/redundant_endblock_label.invalid.html:5:50]
 4 │ <!-- Single-line partialdef -->
 5 │ {% partialdef icon %}<svg></svg>{% endpartialdef icon %}
   ·                                                  ──┬─
   ·                                                    ╰── here
 6 │ 
   ╰────
  help: Write it as `{% endpartialdef %}`

  × Redundant label on `{% endblock %}` of a single-line block
   ╭─[tests/check/redundant_endblock_label/redundant_endblock_label.invalid.html:8:55]
 7 │ <!-- Real-world (Misago): a block in attribute position -->
 8 │ <form method="post" {% block form_extra %}{% endblock form_extra %}></form>
   ·                                                       ─────┬────
   ·                                                            ╰── here
   ╰────
  help: Write it as `{% endblock %}`
