---
source: crates/djangofmt_lint/tests/check/main.rs
---
<!-- A removed alias of `static` -->
{% load static %}

<!-- Among other libraries -->
{% load i18n static l10n %}

<!-- The tag already loads `static`, before or after the alias, so the alias is dropped -->
{% load static %}
{% load static %}

<!-- Both aliases in one tag -->
{% load static %}

<!-- `{% load x from library %}` names its library last -->
{% load static %}
