---
source: crates/djangofmt_lint/tests/check/main.rs
---
  × Found 5 lint error(s)

Error: 
  × Duplicate `{% block %}` name `title`.
   ╭─[tests/check/duplicate_block_name/duplicate_block_name.invalid.html:3:10]
 2 │ {% block title %}Title 1{% endblock %}
 3 │ {% block title %}Title 2{% endblock %}
   ·          ──┬──
   ·            ╰── here
 4 │ 
   ╰────
  help: Rename or remove one of the `{% block title %}` tags; Django requires block names to be unique within a template.

Error: 
  × Duplicate `{% block %}` name `header`.
   ╭─[tests/check/duplicate_block_name/duplicate_block_name.invalid.html:7:10]
 6 │ {% block header %}a{% endblock %}
 7 │ {% block header %}b{% endblock %}
   ·          ───┬──
   ·             ╰── here
 8 │ {% block header %}c{% endblock %}
   ╰────
  help: Rename or remove one of the `{% block header %}` tags; Django requires block names to be unique within a template.

Error: 
  × Duplicate `{% block %}` name `header`.
   ╭─[tests/check/duplicate_block_name/duplicate_block_name.invalid.html:8:10]
 7 │ {% block header %}b{% endblock %}
 8 │ {% block header %}c{% endblock %}
   ·          ───┬──
   ·             ╰── here
 9 │ 
   ╰────
  help: Rename or remove one of the `{% block header %}` tags; Django requires block names to be unique within a template.

Error: 
  × Duplicate `{% block %}` name `content`.
    ╭─[tests/check/duplicate_block_name/duplicate_block_name.invalid.html:12:14]
 11 │ {% block content %}
 12 │     {% block content %}inner{% endblock %}
    ·              ───┬───
    ·                 ╰── here
 13 │ {% endblock %}
    ╰────
  help: Rename or remove one of the `{% block content %}` tags; Django requires block names to be unique within a template.

Error: 
  × Duplicate `{% block %}` name `sidebar`.
    ╭─[tests/check/duplicate_block_name/duplicate_block_name.invalid.html:19:14]
 18 │ {% else %}
 19 │     {% block sidebar %}off{% endblock %}
    ·              ───┬───
    ·                 ╰── here
 20 │ {% endif %}
    ╰────
  help: Rename or remove one of the `{% block sidebar %}` tags; Django requires block names to be unique within a template.
