---
source: crates/djangofmt_lint/tests/check/main.rs
---
  × Found 10 lint error(s)

Error: 
  × Form method `POST` should be lowercase.
   ╭─[tests/check/uppercase_form_method/uppercase_form_method.invalid.html:2:15]
 1 │ <!-- Uppercase method -->
 2 │ <form method="POST"></form>
   ·               ──┬─
   ·                 ╰── here
 3 │ <form method="GET"></form>
   ╰────
  help: Use `post` instead.

Error: 
  × Form method `GET` should be lowercase.
   ╭─[tests/check/uppercase_form_method/uppercase_form_method.invalid.html:3:15]
 2 │ <form method="POST"></form>
 3 │ <form method="GET"></form>
   ·               ─┬─
   ·                ╰── here
 4 │ 
   ╰────
  help: Use `get` instead.

Error: 
  × Form method `Post` should be lowercase.
   ╭─[tests/check/uppercase_form_method/uppercase_form_method.invalid.html:6:15]
 5 │ <!-- Mixed case -->
 6 │ <form method="Post"></form>
   ·               ──┬─
   ·                 ╰── here
 7 │ <form method="Get"></form>
   ╰────
  help: Use `post` instead.

Error: 
  × Form method `Get` should be lowercase.
   ╭─[tests/check/uppercase_form_method/uppercase_form_method.invalid.html:7:15]
 6 │ <form method="Post"></form>
 7 │ <form method="Get"></form>
   ·               ─┬─
   ·                ╰── here
 8 │ 
   ╰────
  help: Use `get` instead.

Error: 
  × Form method `Post` should be lowercase.
    ╭─[tests/check/uppercase_form_method/uppercase_form_method.invalid.html:10:15]
  9 │ <!-- Case-insensitive tag name -->
 10 │ <forM method="Post"></forM>
    ·               ──┬─
    ·                 ╰── here
 11 │ <FORM method="POST"></FORM>
    ╰────
  help: Use `post` instead.

Error: 
  × Form method `POST` should be lowercase.
    ╭─[tests/check/uppercase_form_method/uppercase_form_method.invalid.html:11:15]
 10 │ <forM method="Post"></forM>
 11 │ <FORM method="POST"></FORM>
    ·               ──┬─
    ·                 ╰── here
 12 │ 
    ╰────
  help: Use `post` instead.

Error: 
  × Form method `POST` should be lowercase.
    ╭─[tests/check/uppercase_form_method/uppercase_form_method.invalid.html:14:15]
 13 │ <!-- Single-quoted and unquoted values -->
 14 │ <form method='POST'></form>
    ·               ──┬─
    ·                 ╰── here
 15 │ <form method=POST></form>
    ╰────
  help: Use `post` instead.

Error: 
  × Form method `POST` should be lowercase.
    ╭─[tests/check/uppercase_form_method/uppercase_form_method.invalid.html:15:14]
 14 │ <form method='POST'></form>
 15 │ <form method=POST></form>
    ·              ──┬─
    ·                ╰── here
 16 │ 
    ╰────
  help: Use `post` instead.

Error: 
  × Form method `POST` should be lowercase.
    ╭─[tests/check/uppercase_form_method/uppercase_form_method.invalid.html:20:13]
 19 │     action="/submit/"
 20 │     method="POST"
    ·             ──┬─
    ·               ╰── here
 21 │ ></form>
    ╰────
  help: Use `post` instead.

Error: 
  × Form method `GET` should be lowercase.
    ╭─[tests/check/uppercase_form_method/uppercase_form_method.invalid.html:25:19]
 24 │ {% if show_form %}
 25 │     <form method="GET"></form>
    ·                   ─┬─
    ·                    ╰── here
 26 │ {% endif %}
    ╰────
  help: Use `get` instead.
