---
source: crates/djangofmt_lint/tests/check/main.rs
---
  × Found 3 lint error(s)

Error: 
  × Form method 'GET' should be lowercase.
   ╭─[tests/check/uppercase_form_method/uppercase_form_method.html:8:15]
 7 │ <!-- Invalid -->
 8 │ <form method="GET"></form>
   ·               ─┬─
   ·                ╰── here
 9 │ <form method="POST"></form>
   ╰────
  help: Use 'get' instead.

Error: 
  × Form method 'POST' should be lowercase.
    ╭─[tests/check/uppercase_form_method/uppercase_form_method.html:9:15]
  8 │ <form method="GET"></form>
  9 │ <form method="POST"></form>
    ·               ──┬─
    ·                 ╰── here
 10 │ <form method="Post"></form>
    ╰────
  help: Use 'post' instead.

Error: 
  × Form method 'Post' should be lowercase.
    ╭─[tests/check/uppercase_form_method/uppercase_form_method.html:10:15]
  9 │ <form method="POST"></form>
 10 │ <form method="Post"></form>
    ·               ──┬─
    ·                 ╰── here
    ╰────
  help: Use 'post' instead.
