---
source: crates/djangofmt_lint/tests/check/main.rs
---
  × Found 17 lint error(s)

Error: 
  × `<img>` tag should declare an `alt` attribute.
   ╭─[tests/check/missing_img_alt/missing_img_alt.invalid.html:2:2]
 1 │ <!-- No attributes at all -->
 2 │ <img>
   ·  ─┬─
   ·   ╰── here
 3 │ 
   ╰────
  help: Add `alt=""` for decorative images, or a short description otherwise.

Error: 
  × `<img>` tag should declare both `height` and `width` attributes.
   ╭─[tests/check/missing_img_alt/missing_img_alt.invalid.html:2:2]
 1 │ <!-- No attributes at all -->
 2 │ <img>
   ·  ─┬─
   ·   ╰── here
 3 │ 
   ╰────
  help: Add explicit `height` and `width` to avoid layout shifts as the image loads.

Error: 
  × `<img>` tag should declare an `alt` attribute.
   ╭─[tests/check/missing_img_alt/missing_img_alt.invalid.html:5:2]
 4 │ <!-- Self-closing without alt -->
 5 │ <img src="photo.jpg" />
   ·  ─┬─
   ·   ╰── here
 6 │ 
   ╰────
  help: Add `alt=""` for decorative images, or a short description otherwise.

Error: 
  × `<img>` tag should declare both `height` and `width` attributes.
   ╭─[tests/check/missing_img_alt/missing_img_alt.invalid.html:5:2]
 4 │ <!-- Self-closing without alt -->
 5 │ <img src="photo.jpg" />
   ·  ─┬─
   ·   ╰── here
 6 │ 
   ╰────
  help: Add explicit `height` and `width` to avoid layout shifts as the image loads.

Error: 
  × `<img>` tag should declare an `alt` attribute.
   ╭─[tests/check/missing_img_alt/missing_img_alt.invalid.html:8:2]
 7 │ <!-- Multiple attributes but no alt -->
 8 │ <img src="photo.jpg" class="hero" id="main-image" loading="lazy" />
   ·  ─┬─
   ·   ╰── here
 9 │ 
   ╰────
  help: Add `alt=""` for decorative images, or a short description otherwise.

Error: 
  × `<img>` tag should declare both `height` and `width` attributes.
   ╭─[tests/check/missing_img_alt/missing_img_alt.invalid.html:8:2]
 7 │ <!-- Multiple attributes but no alt -->
 8 │ <img src="photo.jpg" class="hero" id="main-image" loading="lazy" />
   ·  ─┬─
   ·   ╰── here
 9 │ 
   ╰────
  help: Add explicit `height` and `width` to avoid layout shifts as the image loads.

Error: 
  × `<img>` tag should declare an `alt` attribute.
    ╭─[tests/check/missing_img_alt/missing_img_alt.invalid.html:11:2]
 10 │ <!-- Case-insensitive tag name -->
 11 │ <IMG src="photo.jpg" />
    ·  ─┬─
    ·   ╰── here
 12 │ 
    ╰────
  help: Add `alt=""` for decorative images, or a short description otherwise.

Error: 
  × `<img>` tag should declare both `height` and `width` attributes.
    ╭─[tests/check/missing_img_alt/missing_img_alt.invalid.html:11:2]
 10 │ <!-- Case-insensitive tag name -->
 11 │ <IMG src="photo.jpg" />
    ·  ─┬─
    ·   ╰── here
 12 │ 
    ╰────
  help: Add explicit `height` and `width` to avoid layout shifts as the image loads.

Error: 
  × `<img>` tag should declare an `alt` attribute.
    ╭─[tests/check/missing_img_alt/missing_img_alt.invalid.html:14:2]
 13 │ <!-- Multi-line opening tag with no alt -->
 14 │ <img
    ·  ─┬─
    ·   ╰── here
 15 │     src="photo.jpg"
    ╰────
  help: Add `alt=""` for decorative images, or a short description otherwise.

Error: 
  × `<img>` tag should declare an `alt` attribute.
    ╭─[tests/check/missing_img_alt/missing_img_alt.invalid.html:22:6]
 21 │ {% if show_image %}
 22 │     <img src="photo.jpg" />
    ·      ─┬─
    ·       ╰── here
 23 │ {% endif %}
    ╰────
  help: Add `alt=""` for decorative images, or a short description otherwise.

Error: 
  × `<img>` tag should declare both `height` and `width` attributes.
    ╭─[tests/check/missing_img_alt/missing_img_alt.invalid.html:22:6]
 21 │ {% if show_image %}
 22 │     <img src="photo.jpg" />
    ·      ─┬─
    ·       ╰── here
 23 │ {% endif %}
    ╰────
  help: Add explicit `height` and `width` to avoid layout shifts as the image loads.

Error: 
  × `<img>` tag should declare an `alt` attribute.
    ╭─[tests/check/missing_img_alt/missing_img_alt.invalid.html:28:6]
 27 │     <source srcset="photo.avif" type="image/avif" />
 28 │     <img src="photo.jpg" />
    ·      ─┬─
    ·       ╰── here
 29 │ </picture>
    ╰────
  help: Add `alt=""` for decorative images, or a short description otherwise.

Error: 
  × `<img>` tag should declare both `height` and `width` attributes.
    ╭─[tests/check/missing_img_alt/missing_img_alt.invalid.html:28:6]
 27 │     <source srcset="photo.avif" type="image/avif" />
 28 │     <img src="photo.jpg" />
    ·      ─┬─
    ·       ╰── here
 29 │ </picture>
    ╰────
  help: Add explicit `height` and `width` to avoid layout shifts as the image loads.

Error: 
  × `<img>` tag should declare an `alt` attribute.
    ╭─[tests/check/missing_img_alt/missing_img_alt.invalid.html:32:2]
 31 │ <!-- `aria-hidden`/`role="presentation"` do not substitute for alt -->
 32 │ <img src="decorative.png" aria-hidden="true" />
    ·  ─┬─
    ·   ╰── here
 33 │ <img src="decorative.png" role="presentation" />
    ╰────
  help: Add `alt=""` for decorative images, or a short description otherwise.

Error: 
  × `<img>` tag should declare both `height` and `width` attributes.
    ╭─[tests/check/missing_img_alt/missing_img_alt.invalid.html:32:2]
 31 │ <!-- `aria-hidden`/`role="presentation"` do not substitute for alt -->
 32 │ <img src="decorative.png" aria-hidden="true" />
    ·  ─┬─
    ·   ╰── here
 33 │ <img src="decorative.png" role="presentation" />
    ╰────
  help: Add explicit `height` and `width` to avoid layout shifts as the image loads.

Error: 
  × `<img>` tag should declare an `alt` attribute.
    ╭─[tests/check/missing_img_alt/missing_img_alt.invalid.html:33:2]
 32 │ <img src="decorative.png" aria-hidden="true" />
 33 │ <img src="decorative.png" role="presentation" />
    ·  ─┬─
    ·   ╰── here
    ╰────
  help: Add `alt=""` for decorative images, or a short description otherwise.

Error: 
  × `<img>` tag should declare both `height` and `width` attributes.
    ╭─[tests/check/missing_img_alt/missing_img_alt.invalid.html:33:2]
 32 │ <img src="decorative.png" aria-hidden="true" />
 33 │ <img src="decorative.png" role="presentation" />
    ·  ─┬─
    ·   ╰── here
    ╰────
  help: Add explicit `height` and `width` to avoid layout shifts as the image loads.
