---
source: crates/djangofmt_lint/tests/check/main.rs
---
  × Found 12 lint error(s)

Error: 
  × Img tag should have an alt attribute.
   ╭─[tests/check/missing_img_alt/missing_img_alt.invalid.html:2:1]
 1 │ <!-- No alt attribute -->
 2 │ <img />
   · ───┬───
   ·    ╰── here
 3 │ <img src="photo.jpg" />
   ╰────

Error: 
  × Img tag should have height and width attributes.
   ╭─[tests/check/missing_img_alt/missing_img_alt.invalid.html:2:1]
 1 │ <!-- No alt attribute -->
 2 │ <img />
   · ───┬───
   ·    ╰── here
 3 │ <img src="photo.jpg" />
   ╰────
  help: Add explicit height and width to avoid layout shifts.

Error: 
  × Img tag should have an alt attribute.
   ╭─[tests/check/missing_img_alt/missing_img_alt.invalid.html:3:1]
 2 │ <img />
 3 │ <img src="photo.jpg" />
   · ───────────┬───────────
   ·            ╰── here
 4 │ <img height="12" width="12"/>
   ╰────

Error: 
  × Img tag should have height and width attributes.
   ╭─[tests/check/missing_img_alt/missing_img_alt.invalid.html:3:1]
 2 │ <img />
 3 │ <img src="photo.jpg" />
   · ───────────┬───────────
   ·            ╰── here
 4 │ <img height="12" width="12"/>
   ╰────
  help: Add explicit height and width to avoid layout shifts.

Error: 
  × Img tag should have an alt attribute.
   ╭─[tests/check/missing_img_alt/missing_img_alt.invalid.html:4:1]
 3 │ <img src="photo.jpg" />
 4 │ <img height="12" width="12"/>
   · ──────────────┬──────────────
   ·               ╰── here
 5 │ 
   ╰────

Error: 
  × Img tag should have an alt attribute.
    ╭─[tests/check/missing_img_alt/missing_img_alt.invalid.html:7:1]
  6 │     <!-- Multiline tag without alt -->
  7 │ ╭─▶ <img
  8 │ │       src="photo.jpg"
  9 │ │       height="12"
 10 │ │       width="12"
 11 │ ├─▶ />
    · ╰──── here
 12 │     
    ╰────

Error: 
  × Img tag should have an alt attribute.
    ╭─[tests/check/missing_img_alt/missing_img_alt.invalid.html:14:1]
 13 │ <!-- Self-closing without alt -->
 14 │ <img src="photo.jpg">
    · ──────────┬──────────
    ·           ╰── here
 15 │ 
    ╰────

Error: 
  × Img tag should have height and width attributes.
    ╭─[tests/check/missing_img_alt/missing_img_alt.invalid.html:14:1]
 13 │ <!-- Self-closing without alt -->
 14 │ <img src="photo.jpg">
    · ──────────┬──────────
    ·           ╰── here
 15 │ 
    ╰────
  help: Add explicit height and width to avoid layout shifts.

Error: 
  × Img tag should have an alt attribute.
    ╭─[tests/check/missing_img_alt/missing_img_alt.invalid.html:17:1]
 16 │ <!-- Multiple attributes but no alt -->
 17 │ <img src="photo.jpg" class="hero" id="main-image" loading="lazy" />
    · ─────────────────────────────────┬─────────────────────────────────
    ·                                  ╰── here
 18 │ 
    ╰────

Error: 
  × Img tag should have height and width attributes.
    ╭─[tests/check/missing_img_alt/missing_img_alt.invalid.html:17:1]
 16 │ <!-- Multiple attributes but no alt -->
 17 │ <img src="photo.jpg" class="hero" id="main-image" loading="lazy" />
    · ─────────────────────────────────┬─────────────────────────────────
    ·                                  ╰── here
 18 │ 
    ╰────
  help: Add explicit height and width to avoid layout shifts.

Error: 
  × Img tag should have an alt attribute.
    ╭─[tests/check/missing_img_alt/missing_img_alt.invalid.html:21:5]
 20 │ {% if show_image %}
 21 │     <img src="photo.jpg" />
    ·     ───────────┬───────────
    ·                ╰── here
 22 │ {% endif %}
    ╰────

Error: 
  × Img tag should have height and width attributes.
    ╭─[tests/check/missing_img_alt/missing_img_alt.invalid.html:21:5]
 20 │ {% if show_image %}
 21 │     <img src="photo.jpg" />
    ·     ───────────┬───────────
    ·                ╰── here
 22 │ {% endif %}
    ╰────
  help: Add explicit height and width to avoid layout shifts.
