---
source: crates/djangofmt_lint/tests/check/main.rs
---
  × Found 24 lint error(s)

Error: 
  × Hardcoded internal URL in `href`.
   ╭─[tests/check/django_url_pattern/django_url_pattern.invalid.html:2:10]
 1 │ <!-- a/href: hardcoded absolute path -->
 2 │ <a href="/profile/">Profile</a>
   ·          ────┬────
   ·              ╰── here
 3 │ <a href="/accounts/login/">Login</a>
   ╰────
  help: Use `{% url 'view_name' %}` to reference a named URL pattern.

Error: 
  × Hardcoded internal URL in `href`.
   ╭─[tests/check/django_url_pattern/django_url_pattern.invalid.html:3:10]
 2 │ <a href="/profile/">Profile</a>
 3 │ <a href="/accounts/login/">Login</a>
   ·          ────────┬───────
   ·                  ╰── here
 4 │ 
   ╰────
  help: Use `{% url 'view_name' %}` to reference a named URL pattern.

Error: 
  × Hardcoded internal URL in `href`.
   ╭─[tests/check/django_url_pattern/django_url_pattern.invalid.html:6:10]
 5 │ <!-- a/href: query string still counts as an internal URL -->
 6 │ <a href="/Collections?handler=RemoveAgreement&id=42">Link</a>
   ·          ─────────────────────┬────────────────────
   ·                               ╰── here
 7 │ <a href="/path?param=value">Link</a>
   ╰────
  help: Use `{% url 'view_name' %}` to reference a named URL pattern.

Error: 
  × Hardcoded internal URL in `href`.
   ╭─[tests/check/django_url_pattern/django_url_pattern.invalid.html:7:10]
 6 │ <a href="/Collections?handler=RemoveAgreement&id=42">Link</a>
 7 │ <a href="/path?param=value">Link</a>
   ·          ────────┬────────
   ·                  ╰── here
 8 │ 
   ╰────
  help: Use `{% url 'view_name' %}` to reference a named URL pattern.

Error: 
  × Hardcoded internal URL in `href`.
    ╭─[tests/check/django_url_pattern/django_url_pattern.invalid.html:10:10]
  9 │ <!-- a/href: a trailing fragment identifier does not exempt the hardcoded path -->
 10 │ <a href="/profile/#section">Link</a>
    ·          ────────┬────────
    ·                  ╰── here
 11 │ 
    ╰────
  help: Use `{% url 'view_name' %}` to reference a named URL pattern.

Error: 
  × Hardcoded internal URL in `href`.
    ╭─[tests/check/django_url_pattern/django_url_pattern.invalid.html:13:10]
 12 │ <!-- a/href: hardcoded relative path (no leading slash) -->
 13 │ <a href="profile/">Profile</a>
    ·          ────┬───
    ·              ╰── here
 14 │ 
    ╰────
  help: Use `{% url 'view_name' %}` to reference a named URL pattern.

Error: 
  × Hardcoded internal URL in `action`.
    ╭─[tests/check/django_url_pattern/django_url_pattern.invalid.html:16:15]
 15 │ <!-- form/action: hardcoded absolute path -->
 16 │ <form action="/submit/"></form>
    ·               ────┬───
    ·                   ╰── here
 17 │ <form action="/login/"></form>
    ╰────
  help: Use `{% url 'view_name' %}` to reference a named URL pattern.

Error: 
  × Hardcoded internal URL in `action`.
    ╭─[tests/check/django_url_pattern/django_url_pattern.invalid.html:17:15]
 16 │ <form action="/submit/"></form>
 17 │ <form action="/login/"></form>
    ·               ───┬───
    ·                  ╰── here
 18 │ 
    ╰────
  help: Use `{% url 'view_name' %}` to reference a named URL pattern.

Error: 
  × Hardcoded internal URL in `data-src`.
    ╭─[tests/check/django_url_pattern/django_url_pattern.invalid.html:20:16]
 19 │ <!-- div/span/input data-url and data-src -->
 20 │ <div data-src="/table/task/log/"></div>
    ·                ────────┬───────
    ·                        ╰── here
 21 │ <div data-url="/api/items/"></div>
    ╰────
  help: Use `{% url 'view_name' %}` to reference a named URL pattern.

Error: 
  × Hardcoded internal URL in `data-url`.
    ╭─[tests/check/django_url_pattern/django_url_pattern.invalid.html:21:16]
 20 │ <div data-src="/table/task/log/"></div>
 21 │ <div data-url="/api/items/"></div>
    ·                ─────┬─────
    ·                     ╰── here
 22 │ <span data-url="/api/widgets/"></span>
    ╰────
  help: Use `{% url 'view_name' %}` to reference a named URL pattern.

Error: 
  × Hardcoded internal URL in `data-url`.
    ╭─[tests/check/django_url_pattern/django_url_pattern.invalid.html:22:17]
 21 │ <div data-url="/api/items/"></div>
 22 │ <span data-url="/api/widgets/"></span>
    ·                 ──────┬──────
    ·                       ╰── here
 23 │ <input data-url="/api/things/">
    ╰────
  help: Use `{% url 'view_name' %}` to reference a named URL pattern.

Error: 
  × Hardcoded internal URL in `data-url`.
    ╭─[tests/check/django_url_pattern/django_url_pattern.invalid.html:23:18]
 22 │ <span data-url="/api/widgets/"></span>
 23 │ <input data-url="/api/things/">
    ·                  ──────┬─────
    ·                        ╰── here
 24 │ 
    ╰────
  help: Use `{% url 'view_name' %}` to reference a named URL pattern.

Error: 
  × Hardcoded internal URL in `href`.
    ╭─[tests/check/django_url_pattern/django_url_pattern.invalid.html:26:12]
 25 │ <!-- href on div/span/input is in scope -->
 26 │ <div href="/page/">Link</div>
    ·            ───┬──
    ·               ╰── here
 27 │ <span href="/page/">Link</span>
    ╰────
  help: Use `{% url 'view_name' %}` to reference a named URL pattern.

Error: 
  × Hardcoded internal URL in `href`.
    ╭─[tests/check/django_url_pattern/django_url_pattern.invalid.html:27:13]
 26 │ <div href="/page/">Link</div>
 27 │ <span href="/page/">Link</span>
    ·             ───┬──
    ·                ╰── here
 28 │ <input href="/page/">
    ╰────
  help: Use `{% url 'view_name' %}` to reference a named URL pattern.

Error: 
  × Hardcoded internal URL in `href`.
    ╭─[tests/check/django_url_pattern/django_url_pattern.invalid.html:28:14]
 27 │ <span href="/page/">Link</span>
 28 │ <input href="/page/">
    ·              ───┬──
    ·                 ╰── here
 29 │ 
    ╰────
  help: Use `{% url 'view_name' %}` to reference a named URL pattern.

Error: 
  × Hardcoded internal URL in `action`.
    ╭─[tests/check/django_url_pattern/django_url_pattern.invalid.html:31:12]
 30 │ <!-- action on a/div/span/input is in scope -->
 31 │ <a action="/submit/">Link</a>
    ·            ────┬───
    ·                ╰── here
 32 │ <div action="/submit/">Link</div>
    ╰────
  help: Use `{% url 'view_name' %}` to reference a named URL pattern.

Error: 
  × Hardcoded internal URL in `action`.
    ╭─[tests/check/django_url_pattern/django_url_pattern.invalid.html:32:14]
 31 │ <a action="/submit/">Link</a>
 32 │ <div action="/submit/">Link</div>
    ·              ────┬───
    ·                  ╰── here
 33 │ 
    ╰────
  help: Use `{% url 'view_name' %}` to reference a named URL pattern.

Error: 
  × Hardcoded internal URL in `href`.
    ╭─[tests/check/django_url_pattern/django_url_pattern.invalid.html:35:10]
 34 │ <!-- Case-insensitive on tag and attribute names -->
 35 │ <A HREF="/page/">Link</A>
    ·          ───┬──
    ·             ╰── here
 36 │ 
    ╰────
  help: Use `{% url 'view_name' %}` to reference a named URL pattern.

Error: 
  × Hardcoded internal URL in `href`.
    ╭─[tests/check/django_url_pattern/django_url_pattern.invalid.html:39:14]
 38 │ {% if show_link %}
 39 │     <a href="/page/">Link</a>
    ·              ───┬──
    ·                 ╰── here
 40 │ {% endif %}
    ╰────
  help: Use `{% url 'view_name' %}` to reference a named URL pattern.

Error: 
  × Hardcoded internal URL in `action`.
    ╭─[tests/check/django_url_pattern/django_url_pattern.invalid.html:45:15]
 44 │      Django templates (e.g. wireguard_webadmin, hydroshare, trunk-player, Webolith). -->
 45 │ <form action="/accounts/login/" method="post"></form>
    ·               ────────┬───────
    ·                       ╰── here
 46 │ <form action="/accounts/signup/" method="post"></form>
    ╰────
  help: Use `{% url 'view_name' %}` to reference a named URL pattern.

Error: 
  × Hardcoded internal URL in `action`.
    ╭─[tests/check/django_url_pattern/django_url_pattern.invalid.html:46:15]
 45 │ <form action="/accounts/login/" method="post"></form>
 46 │ <form action="/accounts/signup/" method="post"></form>
    ·               ────────┬────────
    ·                       ╰── here
 47 │ 
    ╰────
  help: Use `{% url 'view_name' %}` to reference a named URL pattern.

Error: 
  × Hardcoded internal URL in `href`.
    ╭─[tests/check/django_url_pattern/django_url_pattern.invalid.html:51:10]
 50 │      carries a query string. Each should resolve a named pattern through `{% url %}`. -->
 51 │ <a href="/gaz-propane-en-citerne/">Propane</a>
    ·          ────────────┬───────────
    ·                      ╰── here
 52 │ <a href="/devenir-partenaire">Become a partner</a>
    ╰────
  help: Use `{% url 'view_name' %}` to reference a named URL pattern.

Error: 
  × Hardcoded internal URL in `href`.
    ╭─[tests/check/django_url_pattern/django_url_pattern.invalid.html:52:10]
 51 │ <a href="/gaz-propane-en-citerne/">Propane</a>
 52 │ <a href="/devenir-partenaire">Become a partner</a>
    ·          ─────────┬─────────
    ·                   ╰── here
 53 │ <form method="post" action="/widgetform?form_type=keyword_city"></form>
    ╰────
  help: Use `{% url 'view_name' %}` to reference a named URL pattern.

Error: 
  × Hardcoded internal URL in `action`.
    ╭─[tests/check/django_url_pattern/django_url_pattern.invalid.html:53:29]
 52 │ <a href="/devenir-partenaire">Become a partner</a>
 53 │ <form method="post" action="/widgetform?form_type=keyword_city"></form>
    ·                             ─────────────────┬────────────────
    ·                                              ╰── here
    ╰────
  help: Use `{% url 'view_name' %}` to reference a named URL pattern.
