---
source: crates/djangofmt_lint/tests/check/main.rs
---
  × Found 15 lint error(s)

Error: 
  × Hardcoded static path in `href`.
   ╭─[tests/check/django_static_url/django_static_url.invalid.html:2:30]
 1 │ <!-- link/href -->
 2 │ <link rel="stylesheet" href="/static/css/app.css">
   ·                              ─────────┬─────────
   ·                                       ╰── here
 3 │ <link rel="stylesheet" href='/static/css/app.css'>
   ╰────
  help: Use `{% static 'path/to/file' %}` instead.

Error: 
  × Hardcoded static path in `href`.
   ╭─[tests/check/django_static_url/django_static_url.invalid.html:3:30]
 2 │ <link rel="stylesheet" href="/static/css/app.css">
 3 │ <link rel="stylesheet" href='/static/css/app.css'>
   ·                              ─────────┬─────────
   ·                                       ╰── here
 4 │ <link rel="stylesheet" href="static/css/app.css">
   ╰────
  help: Use `{% static 'path/to/file' %}` instead.

Error: 
  × Hardcoded static path in `href`.
   ╭─[tests/check/django_static_url/django_static_url.invalid.html:4:30]
 3 │ <link rel="stylesheet" href='/static/css/app.css'>
 4 │ <link rel="stylesheet" href="static/css/app.css">
   ·                              ─────────┬────────
   ·                                       ╰── here
 5 │ 
   ╰────
  help: Use `{% static 'path/to/file' %}` instead.

Error: 
  × Hardcoded static path in `src`.
   ╭─[tests/check/django_static_url/django_static_url.invalid.html:7:11]
 6 │ <!-- img/src -->
 7 │ <img src="/static/img/logo.png">
   ·           ──────────┬─────────
   ·                     ╰── here
 8 │ <img src='/static/img/logo.png'>
   ╰────
  help: Use `{% static 'path/to/file' %}` instead.

Error: 
  × Hardcoded static path in `src`.
   ╭─[tests/check/django_static_url/django_static_url.invalid.html:8:11]
 7 │ <img src="/static/img/logo.png">
 8 │ <img src='/static/img/logo.png'>
   ·           ──────────┬─────────
   ·                     ╰── here
 9 │ <img src="static/img/logo.png">
   ╰────
  help: Use `{% static 'path/to/file' %}` instead.

Error: 
  × Hardcoded static path in `src`.
    ╭─[tests/check/django_static_url/django_static_url.invalid.html:9:11]
  8 │ <img src='/static/img/logo.png'>
  9 │ <img src="static/img/logo.png">
    ·           ─────────┬─────────
    ·                    ╰── here
 10 │ 
    ╰────
  help: Use `{% static 'path/to/file' %}` instead.

Error: 
  × Hardcoded static path in `src`.
    ╭─[tests/check/django_static_url/django_static_url.invalid.html:12:14]
 11 │ <!-- script/src -->
 12 │ <script src="/static/js/app.js"></script>
    ·              ────────┬────────
    ·                      ╰── here
 13 │ 
    ╰────
  help: Use `{% static 'path/to/file' %}` instead.

Error: 
  × Hardcoded static path in `src`.
    ╭─[tests/check/django_static_url/django_static_url.invalid.html:15:14]
 14 │ <!-- source/src and source/srcset -->
 15 │ <source src="/static/audio/clip.mp3">
    ·              ───────────┬──────────
    ·                         ╰── here
 16 │ <source srcset="/static/img/picture.webp">
    ╰────
  help: Use `{% static 'path/to/file' %}` instead.

Error: 
  × Hardcoded static path in `srcset`.
    ╭─[tests/check/django_static_url/django_static_url.invalid.html:16:17]
 15 │ <source src="/static/audio/clip.mp3">
 16 │ <source srcset="/static/img/picture.webp">
    ·                 ────────────┬───────────
    ·                             ╰── here
 17 │ 
    ╰────
  help: Use `{% static 'path/to/file' %}` instead.

Error: 
  × Hardcoded static path in `srcset`.
    ╭─[tests/check/django_static_url/django_static_url.invalid.html:19:51]
 18 │ <!-- srcset: each candidate is scanned, even when the hardcoded path is not first -->
 19 │ <img srcset="https://cdn.example.com/logo.png 1x, /static/img/logo@2x.png 2x">
    ·                                                   ───────────┬───────────
    ·                                                              ╰── here
 20 │ <source srcset="static/img/small.webp 480w, static/img/large.webp 1024w">
    ╰────
  help: Use `{% static 'path/to/file' %}` instead.

Error: 
  × Hardcoded static path in `srcset`.
    ╭─[tests/check/django_static_url/django_static_url.invalid.html:20:17]
 19 │ <img srcset="https://cdn.example.com/logo.png 1x, /static/img/logo@2x.png 2x">
 20 │ <source srcset="static/img/small.webp 480w, static/img/large.webp 1024w">
    ·                 ──────────┬──────────
    ·                           ╰── here
 21 │ 
    ╰────
  help: Use `{% static 'path/to/file' %}` instead.

Error: 
  × Hardcoded static path in `srcset`.
    ╭─[tests/check/django_static_url/django_static_url.invalid.html:20:45]
 19 │ <img srcset="https://cdn.example.com/logo.png 1x, /static/img/logo@2x.png 2x">
 20 │ <source srcset="static/img/small.webp 480w, static/img/large.webp 1024w">
    ·                                             ──────────┬──────────
    ·                                                       ╰── here
 21 │ 
    ╰────
  help: Use `{% static 'path/to/file' %}` instead.

Error: 
  × Hardcoded static path in `src`.
    ╭─[tests/check/django_static_url/django_static_url.invalid.html:23:11]
 22 │ <!-- Case-insensitive tag name -->
 23 │ <IMG src="/static/img/logo.png">
    ·           ──────────┬─────────
    ·                     ╰── here
 24 │ 
    ╰────
  help: Use `{% static 'path/to/file' %}` instead.

Error: 
  × Hardcoded static path in `src`.
    ╭─[tests/check/django_static_url/django_static_url.invalid.html:26:11]
 25 │ <!-- Case-insensitive attribute name -->
 26 │ <img SRC="/static/img/logo.png">
    ·           ──────────┬─────────
    ·                     ╰── here
 27 │ 
    ╰────
  help: Use `{% static 'path/to/file' %}` instead.

Error: 
  × Hardcoded static path in `src`.
    ╭─[tests/check/django_static_url/django_static_url.invalid.html:30:15]
 29 │ {% if show_logo %}
 30 │     <img src="/static/img/logo.png">
    ·               ──────────┬─────────
    ·                         ╰── here
 31 │ {% endif %}
    ╰────
  help: Use `{% static 'path/to/file' %}` instead.
