---
source: tests/fmt.rs
---
<div>
    {{
        "This is a very long string that should probably be wrapped or handled in some way because it exceeds the normal line length limits"
    }}
    {{ user.profile.settings.preferences.notification.email.frequency.daily.digest.enabled }}
    {{ very_long_variable_name_that_exceeds_line_length_and_should_be_handled_appropriately }}
    {{ config.api.endpoints.production.url.base + config.api.endpoints.production.url.version }}
</div>
