---
source: crates/djangofmt_lint/tests/check/main.rs
---
  × Found 5 lint error(s)

Error: 
  × Internal link should use {% url %} template tag.
   ╭─[tests/check/use_https/use_https.html:3:10]
 2 │ <a href="https://example.com">Link</a>
 3 │ <a href="/relative">Link</a>
   ·          ────┬────
   ·              ╰── here
 4 │ <a href="{{ url }}">Link</a>
   ╰────
  help: Use {% url 'view_name' %} instead of hardcoding internal paths.

Error: 
  × Use HTTPS for external links.
   ╭─[tests/check/use_https/use_https.html:7:10]
 6 │ <!-- Invalid -->
 7 │ <a href="http://example.com">Link</a>
   ·          ─────────┬────────
   ·                   ╰── here
 8 │ <link rel="stylesheet" href="http://cdn.example.com/style.css">
   ╰────
  help: Replace 'http://' with 'https://'.

Error: 
  × Use HTTPS for external links.
   ╭─[tests/check/use_https/use_https.html:8:30]
 7 │ <a href="http://example.com">Link</a>
 8 │ <link rel="stylesheet" href="http://cdn.example.com/style.css">
   ·                              ────────────────┬───────────────
   ·                                              ╰── here
 9 │ <script src="http://cdn.example.com/script.js"></script>
   ╰────
  help: Replace 'http://' with 'https://'.

Error: 
  × Use HTTPS for external links.
   ╭─[tests/check/use_https/use_https.html:9:14]
 8 │ <link rel="stylesheet" href="http://cdn.example.com/style.css">
 9 │ <script src="http://cdn.example.com/script.js"></script>
   ·              ────────────────┬───────────────
   ·                              ╰── here
   ╰────
  help: Replace 'http://' with 'https://'.

Error: 
  × Empty <script> tag pair found. Consider removing.
   ╭─[tests/check/use_https/use_https.html:9:2]
 8 │ <link rel="stylesheet" href="http://cdn.example.com/style.css">
 9 │ <script src="http://cdn.example.com/script.js"></script>
   ·  ───┬──
   ·     ╰── here
   ╰────
  help: Remove the empty tag pair or add content.
