---
source: crates/djangofmt_lint/tests/check/main.rs
---
<!-- a/href -->
<a href="https://example.com">Link</a>
<a href="https://">Link</a>
<a href='https://example.com'>Link</a>

<!-- img/src -->
<img src="https://example.com/logo.png" alt="" width="0" height="0">

<!-- form/action -->
<form action="https://example.com/submit"></form>

<!-- data-url, url, srcset -->
<div data-url="https://example.com"></div>
<a url="https://example.com">Link</a>
<img srcset="https://example.com/a.png 1x" alt="" width="0" height="0">

<!-- script/src and link/href -->
<script src="https://cdn.example.com/lib.js"></script>
<link href="https://cdn.example.com/style.css" rel="stylesheet">

<!-- Case-insensitive scheme -->
<a href="https://example.com">Link</a>
<a href="https://example.com">Link</a>

<!-- Case-insensitive attribute name -->
<a HREF="https://example.com">Link</a>
<IMG SrC="https://example.com/logo.png" alt="" width="0" height="0">

<!-- Leading whitespace before scheme -->
<a href="  https://example.com">Link</a>

<!-- Multi-attr element with mixed http/https — only the http one is flagged -->
<a href="https://example.com" data-url="https://example.com">Link</a>

<!-- Multiple flagged attributes on the same element -->
<a href="https://example.com" data-url="https://example.com">Link</a>

<!-- srcset candidates are checked independently: every http:// entry is flagged -->
<img srcset="https://example.com/a.png 1x, https://example.com/b.png 2x" alt="" width="0" height="0">

<!-- srcset insecure candidate after a secure one — must still be flagged -->
<img srcset="https://example.com/a.png 1x, https://example.com/b.png 2x" alt="" width="0" height="0">

<!-- srcset without descriptors, comma-separated -->
<img srcset="https://example.com/a.png, https://example.com/b.png" alt="" width="0" height="0">

<!-- Literal `http://` prefix followed by interpolation in the body is unambiguously insecure -->
<a href="https://{{ host }}/page">Link</a>

<!-- Inside a Jinja block -->
{% if show_link %}
    <a href="https://example.com">Link</a>
{% endif %}

<!-- Real world example -->
<script src="https://ajax.googleapis.com/ajax/libs/jquery/1.3/jquery.min.js"></script>
<a rel="license" href="https://creativecommons.org/licenses/by-nc-nd/3.0/"></a>
<img src="https://i.creativecommons.org/l/by-nc-nd/3.0/88x31.png" alt="" width="0" height="0">
<script async="async" src="https://cdn.mathjax.org/mathjax/latest/MathJax.js"></script>
<script src="https://d3js.org/d3.v3.min.js"></script>
<img src="https://stats.amusecode.org/piwik.php?idsite=1" alt="" width="0" height="0">
<a href="https://stackoverflow.com/questions/tagged/django">Django questions</a>

<!-- Loopback look-alike are still flagged: the host only resembles localhost -->
<a href="https://localhost.evil.com/admin">Phishing</a>
<a href="https://127.0.0.1.evil.com/">Spoof</a>
