---
source: crates/djangofmt/tests/fmt/main.rs
---
{# choo choo #}
{# choo   choo #}
{#  #}
<div {# attr #} class="a"></div>
{#
  Spanning lines, so Django renders it as text
#}
<!--html comment-->
{# djangofmt: ignore[format] #}
<div   class="kept"   ></div>
{#- jinja habit, dashes are text in Django -#}
{#-no-spaces-#}
