---
source: crates/djangofmt_lint/tests/check/main.rs
---
  × Found 1 lint error(s)

Error: 
  × html tag should have a lang attribute.
   ╭─[tests/check/missing_html_lang/missing_html_lang.html:7:2]
 6 │ <!-- Invalid -->
 7 │ <html>
   ·  ──┬─
   ·    ╰── here
 8 │ </html>
   ╰────
  help: Add lang="en" or the appropriate language code.
