---
source: crates/djangofmt_lint/tests/check/main.rs
---
  × Found 6 lint error(s)

Error: 
  × `<html>` tag should declare a `lang` attribute.
   ╭─[tests/check/missing_html_lang/missing_html_lang.invalid.html:3:2]
 2 │ <!-- No attributes at all -->
 3 │ <html>
   ·  ──┬─
   ·    ╰── here
 4 │ </html>
   ╰────
  help: Add `lang="en"` (or the appropriate language code).

Error: 
  × `<html>` tag should declare a `lang` attribute.
   ╭─[tests/check/missing_html_lang/missing_html_lang.invalid.html:7:2]
 6 │ <!-- Has other attributes but no lang -->
 7 │ <html class="no-js" dir="ltr">
   ·  ──┬─
   ·    ╰── here
 8 │ </html>
   ╰────
  help: Add `lang="en"` (or the appropriate language code).

Error: 
  × `<html>` tag should declare a `lang` attribute.
    ╭─[tests/check/missing_html_lang/missing_html_lang.invalid.html:11:2]
 10 │ <!-- Case-insensitive tag name -->
 11 │ <HTML>
    ·  ──┬─
    ·    ╰── here
 12 │ </HTML>
    ╰────
  help: Add `lang="en"` (or the appropriate language code).

Error: 
  × `<html>` tag should declare a `lang` attribute.
    ╭─[tests/check/missing_html_lang/missing_html_lang.invalid.html:16:6]
 15 │ {% if base_template %}
 16 │     <html>
    ·      ──┬─
    ·        ╰── here
 17 │     </html>
    ╰────
  help: Add `lang="en"` (or the appropriate language code).

Error: 
  × `<html>` tag should declare a `lang` attribute.
    ╭─[tests/check/missing_html_lang/missing_html_lang.invalid.html:21:2]
 20 │ <!-- Multi-line opening tag with no lang -->
 21 │ <html
    ·  ──┬─
    ·    ╰── here
 22 │     xmlns="http://www.w3.org/1999/xhtml"
    ╰────
  help: Add `lang="en"` (or the appropriate language code).

Error: 
  × `<html>` tag should declare a `lang` attribute.
    ╭─[tests/check/missing_html_lang/missing_html_lang.invalid.html:27:2]
 26 │ <!-- XHTML `xml:lang` alone: HTML5 ignores it; screen readers need `lang` -->
 27 │ <html xml:lang="en">
    ·  ──┬─
    ·    ╰── here
 28 │ </html>
    ╰────
  help: Add `lang="en"` (or the appropriate language code).
