---
source: crates/djangofmt_lint/tests/check/main.rs
---

  × Deprecated `length_is` filter
   ╭─[tests/check/deprecated_length_is_filter/deprecated_length_is_filter.invalid.html:2:12]
 1 │ <!-- A lone condition, in `if` and in `elif` -->
 2 │ {% if eggs|length_is:1 %}
   ·            ─────┬─────
   ·                 ╰── here
 3 │     One egg
   ╰────
  help: Compare `length` with `==` instead

  × Deprecated `length_is` filter
   ╭─[tests/check/deprecated_length_is_filter/deprecated_length_is_filter.invalid.html:4:14]
 3 │     One egg
 4 │ {% elif eggs|length_is:2 %}
   ·              ─────┬─────
   ·                   ╰── here
 5 │     Two eggs
   ╰────
  help: Compare `length` with `==` instead

  × Deprecated `length_is` filter
    ╭─[tests/check/deprecated_length_is_filter/deprecated_length_is_filter.invalid.html:9:12]
  8 │ <!-- A variable argument -->
  9 │ {% if eggs|length_is:n %}{% endif %}
    ·            ─────┬─────
    ·                 ╰── here
 10 │ 
    ╰────
  help: Compare `length` with `==` instead

  × Deprecated `length_is` filter
    ╭─[tests/check/deprecated_length_is_filter/deprecated_length_is_filter.invalid.html:12:23]
 11 │ <!-- The filters before `length_is` stay in the chain -->
 12 │ {% if eggs|slice:":2"|length_is:2 %}{% endif %}
    ·                       ─────┬─────
    ·                            ╰── here
 13 │ 
    ╰────
  help: Compare `length` with `==` instead

  × Deprecated `length_is` filter
    ╭─[tests/check/deprecated_length_is_filter/deprecated_length_is_filter.invalid.html:15:19]
 14 │ <!-- A dotted variable -->
 15 │ {% if basket.eggs|length_is:1 %}{% endif %}
    ·                   ─────┬─────
    ·                        ╰── here
 16 │ 
    ╰────
  help: Compare `length` with `==` instead

  × Deprecated `length_is` filter
    ╭─[tests/check/deprecated_length_is_filter/deprecated_length_is_filter.invalid.html:19:31]
 18 │ <script>
 19 │     const single = {% if eggs|length_is:1 %}true{% else %}false{% endif %};
    ·                               ─────┬─────
    ·                                    ╰── here
 20 │ </script>
    ╰────
  help: Compare `length` with `==` instead
