---
source: crates/djangofmt_lint/tests/check/main.rs
---
  × Found 7 lint error(s)

Error: 
  × Empty <div> tag pair found. Consider removing.
   ╭─[tests/check/inline_style/inline_style.html:2:2]
 1 │ <!-- Valid -->
 2 │ <div class="red"></div>
   ·  ─┬─
   ·   ╰── here
 3 │ 
   ╰────
  help: Remove the empty tag pair or add content.

Error: 
  × Inline styles should be avoided.
   ╭─[tests/check/inline_style/inline_style.html:5:6]
 4 │ <!-- Invalid -->
 5 │ <div style="color: red;"></div>
   ·      ──┬──
   ·        ╰── here
 6 │ <p style="margin: 0;"></p>
   ╰────
  help: Use a CSS class instead.

Error: 
  × Empty <div> tag pair found. Consider removing.
   ╭─[tests/check/inline_style/inline_style.html:5:2]
 4 │ <!-- Invalid -->
 5 │ <div style="color: red;"></div>
   ·  ─┬─
   ·   ╰── here
 6 │ <p style="margin: 0;"></p>
   ╰────
  help: Remove the empty tag pair or add content.

Error: 
  × Inline styles should be avoided.
   ╭─[tests/check/inline_style/inline_style.html:6:4]
 5 │ <div style="color: red;"></div>
 6 │ <p style="margin: 0;"></p>
   ·    ──┬──
   ·      ╰── here
 7 │ <div style="{{ my_style }}"></div>
   ╰────
  help: Use a CSS class instead.

Error: 
  × Empty <p> tag pair found. Consider removing.
   ╭─[tests/check/inline_style/inline_style.html:6:2]
 5 │ <div style="color: red;"></div>
 6 │ <p style="margin: 0;"></p>
   ·  ┬
   ·  ╰── here
 7 │ <div style="{{ my_style }}"></div>
   ╰────
  help: Remove the empty tag pair or add content.

Error: 
  × Inline styles should be avoided.
   ╭─[tests/check/inline_style/inline_style.html:7:6]
 6 │ <p style="margin: 0;"></p>
 7 │ <div style="{{ my_style }}"></div>
   ·      ──┬──
   ·        ╰── here
   ╰────
  help: Use a CSS class instead.

Error: 
  × Empty <div> tag pair found. Consider removing.
   ╭─[tests/check/inline_style/inline_style.html:7:2]
 6 │ <p style="margin: 0;"></p>
 7 │ <div style="{{ my_style }}"></div>
   ·  ─┬─
   ·   ╰── here
   ╰────
  help: Remove the empty tag pair or add content.
