---
source: crates/djangofmt_lint/tests/check/main.rs
---

  × Missing `<!DOCTYPE html>` declaration
   ╭─[tests/check/missing_doctype/missing_doctype_html_in_if.invalid.html:3:2]
 2 │ {% if full_page %}
 3 │ <html lang="en">
   ·  ──┬─
   ·    ╰── here
 4 │     <head><title>Page</title></head>
   ╰────
  help: Add `<!DOCTYPE html>` before the `<html>` tag
