---
source: crates/djangofmt_lint/tests/check/main.rs
---
<!-- Real-world: graphite-web webapp/graphite/templates/event.html — the `{% load %}` tag shares the
     `<html>` line, so the declaration is inserted mid-line. -->
{% load static %}<!DOCTYPE html>
<html>
    <head><title>{{ event.what }}</title></head>
    <body>Content</body>
</html>
