---
source: crates/djangofmt_lint/tests/check/main.rs
---
  × Found 1 lint error(s)

Error: 
  × Missing `<!DOCTYPE html>` declaration.
   ╭─[tests/check/missing_doctype/missing_doctype_load_tag.invalid.html:4:2]
 3 │ {% load static %}
 4 │ <html lang="en">
   ·  ──┬─
   ·    ╰── here
 5 │     <head><title>Page</title></head>
   ╰────
  help: Add `<!DOCTYPE html>` before the `<html>` tag.
