---
source: crates/djangofmt_lint/tests/check/main.rs
---
  × Found 1 lint error(s)

Error: 
  × Missing `<!DOCTYPE html>` declaration.
   ╭─[tests/check/missing_doctype/missing_doctype_extends_lookalike.invalid.html:3:2]
 2 │ {% extendsfoo "base.html" %}
 3 │ <html lang="en">
   ·  ──┬─
   ·    ╰── here
 4 │     <body></body>
   ╰────
  help: Add `<!DOCTYPE html>` before the `<html>` tag.
