---
source: crates/djangofmt_lint/tests/check/main.rs
---

  × Unused rule code in suppression: `invalid-syntax`; `invalid-attr-value` (non-enabled)
   ╭─[tests/check/unused_ignore_code/unused_ignore_code_file_ignore_list.invalid.html:1:1]
 1 │ {# djangofmt: file-ignore[format, invalid-attr-value, invalid-syntax] #}
   · ────────────────────────────────────┬───────────────────────────────────
   ·                                     ╰── here
 2 │ <!-- A file-level list keeps its used code and is rewritten around the unused ones -->
   ╰────
