---
source: crates/djangofmt_lint/tests/check/main.rs
---
  × Found 4 lint error(s)

Error: 
  × Empty 'id' attribute can be removed.
   ╭─[tests/check/empty_attr_value/empty_attr_value.html:6:10]
 5 │ <!-- Invalid - empty id or class -->
 6 │ <div id=""></div>
   ·          ▲
   ·          ╰── here
 7 │ <div class=""></div>
   ╰────

Error: 
  × Empty 'class' attribute can be removed.
   ╭─[tests/check/empty_attr_value/empty_attr_value.html:7:13]
 6 │ <div id=""></div>
 7 │ <div class=""></div>
   ·             ▲
   ·             ╰── here
 8 │ <div id="" class=""></div>
   ╰────

Error: 
  × Empty 'id' attribute can be removed.
   ╭─[tests/check/empty_attr_value/empty_attr_value.html:8:10]
 7 │ <div class=""></div>
 8 │ <div id="" class=""></div>
   ·          ▲
   ·          ╰── here
   ╰────

Error: 
  × Empty 'class' attribute can be removed.
   ╭─[tests/check/empty_attr_value/empty_attr_value.html:8:19]
 7 │ <div class=""></div>
 8 │ <div id="" class=""></div>
   ·                   ▲
   ·                   ╰── here
   ╰────
