---
source: crates/djangofmt_lint/tests/check/main.rs
---
  × Found 12 lint error(s)

Error: 
  × Invalid value 'put' for attribute 'method'.
   ╭─[tests/check/form_method/form_method.invalid.html:2:15]
 1 │ <!-- Invalid methods -->
 2 │ <form method="put"></form>
   ·               ─┬─
   ·                ╰── here
 3 │ <form method="delete"></form>
   ╰────
  help: Use one of: get, post, dialog

Error: 
  × Empty <form> tag pair found. Consider removing.
   ╭─[tests/check/form_method/form_method.invalid.html:2:2]
 1 │ <!-- Invalid methods -->
 2 │ <form method="put"></form>
   ·  ──┬─
   ·    ╰── here
 3 │ <form method="delete"></form>
   ╰────
  help: Remove the empty tag pair or add content.

Error: 
  × Invalid value 'delete' for attribute 'method'.
   ╭─[tests/check/form_method/form_method.invalid.html:3:15]
 2 │ <form method="put"></form>
 3 │ <form method="delete"></form>
   ·               ───┬──
   ·                  ╰── here
 4 │ <form method="patch"></form>
   ╰────
  help: Use one of: get, post, dialog

Error: 
  × Empty <form> tag pair found. Consider removing.
   ╭─[tests/check/form_method/form_method.invalid.html:3:2]
 2 │ <form method="put"></form>
 3 │ <form method="delete"></form>
   ·  ──┬─
   ·    ╰── here
 4 │ <form method="patch"></form>
   ╰────
  help: Remove the empty tag pair or add content.

Error: 
  × Invalid value 'patch' for attribute 'method'.
   ╭─[tests/check/form_method/form_method.invalid.html:4:15]
 3 │ <form method="delete"></form>
 4 │ <form method="patch"></form>
   ·               ──┬──
   ·                 ╰── here
 5 │ 
   ╰────
  help: Use one of: get, post, dialog

Error: 
  × Empty <form> tag pair found. Consider removing.
   ╭─[tests/check/form_method/form_method.invalid.html:4:2]
 3 │ <form method="delete"></form>
 4 │ <form method="patch"></form>
   ·  ──┬─
   ·    ╰── here
 5 │ 
   ╰────
  help: Remove the empty tag pair or add content.

Error: 
  × Form method 'GET' should be lowercase.
   ╭─[tests/check/form_method/form_method.invalid.html:7:15]
 6 │ <!-- Uppercase methods (valid values, but should be lowercase) -->
 7 │ <form method="GET"></form>
   ·               ─┬─
   ·                ╰── here
 8 │ <form method="POST"></form>
   ╰────
  help: Use 'get' instead.

Error: 
  × Empty <form> tag pair found. Consider removing.
   ╭─[tests/check/form_method/form_method.invalid.html:7:2]
 6 │ <!-- Uppercase methods (valid values, but should be lowercase) -->
 7 │ <form method="GET"></form>
   ·  ──┬─
   ·    ╰── here
 8 │ <form method="POST"></form>
   ╰────
  help: Remove the empty tag pair or add content.

Error: 
  × Form method 'POST' should be lowercase.
   ╭─[tests/check/form_method/form_method.invalid.html:8:15]
 7 │ <form method="GET"></form>
 8 │ <form method="POST"></form>
   ·               ──┬─
   ·                 ╰── here
 9 │ 
   ╰────
  help: Use 'post' instead.

Error: 
  × Empty <form> tag pair found. Consider removing.
   ╭─[tests/check/form_method/form_method.invalid.html:8:2]
 7 │ <form method="GET"></form>
 8 │ <form method="POST"></form>
   ·  ──┬─
   ·    ╰── here
 9 │ 
   ╰────
  help: Remove the empty tag pair or add content.

Error: 
  × Invalid value 'invalid' for attribute 'method'.
    ╭─[tests/check/form_method/form_method.invalid.html:12:19]
 11 │ {% if show_form %}
 12 │     <form method="invalid"></form>
    ·                   ───┬───
    ·                      ╰── here
 13 │ {% endif %}
    ╰────
  help: Use one of: get, post, dialog

Error: 
  × Empty <form> tag pair found. Consider removing.
    ╭─[tests/check/form_method/form_method.invalid.html:12:6]
 11 │ {% if show_form %}
 12 │     <form method="invalid"></form>
    ·      ──┬─
    ·        ╰── here
 13 │ {% endif %}
    ╰────
  help: Remove the empty tag pair or add content.
