---
source: crates/djangofmt_lint/tests/check/main.rs
---
<!-- Typo in a rule name -->
<form method="yes"></form>

<!-- Unknown code hiding among valid ones -->
{# djangofmt: ignore[invalid-attr-value] #}
<div></div>

<!-- All codes unknown: one diagnostic for the comment, which goes as a whole -->
<div></div>

<!-- Unknown code first: the separator that follows it goes too -->
{# djangofmt: ignore[invalid-attr-value] #}
<form method="yes"></form>

<!-- Several unknown codes among valid ones: the list is rewritten -->
{# djangofmt: ignore[invalid-attr-value, empty-attr-value] #}
<form method="yes"></form>

<!-- A comment sharing its line keeps the line -->
<div><p>hi</p></div>
