---
source: crates/djangofmt/tests/parse_error/main.rs
---
  × expected close tag for opening tag <div>
   ╭─[unclosed_tag_last_line.html:2:6]
 1 │ <span>ok</span>
 2 │     <div class="container">
   ·      ─┬─
   ·       ╰── here
   ╰────
  help: If a `</div>` does exist, it must live in the same block as the opening tag: https://unknownplatypus.github.io/djangofmt/docs/known-limitations/#conditional-openclose-tags
