---
source: crates/djangofmt_lint/tests/check/main.rs
---
  × Found 5 lint error(s)

Error: 
  × Extra whitespace found in form action.
   ╭─[tests/check/form_action_whitespace/form_action_whitespace.invalid.html:2:15]
 1 │ <!-- Leading whitespace -->
 2 │ <form action=" /submit/"></form>
   ·               ────┬────
   ·                   ╰── here
 3 │ 
   ╰────
  help: Remove leading and trailing whitespace from the action URL.

Error: 
  × Extra whitespace found in form action.
   ╭─[tests/check/form_action_whitespace/form_action_whitespace.invalid.html:5:15]
 4 │ <!-- Trailing whitespace -->
 5 │ <form action="/submit/ "></form>
   ·               ────┬────
   ·                   ╰── here
 6 │ 
   ╰────
  help: Remove leading and trailing whitespace from the action URL.

Error: 
  × Extra whitespace found in form action.
   ╭─[tests/check/form_action_whitespace/form_action_whitespace.invalid.html:8:15]
 7 │ <!-- Both leading and trailing whitespace -->
 8 │ <form action=" /submit/ "></form>
   ·               ─────┬────
   ·                    ╰── here
 9 │ 
   ╰────
  help: Remove leading and trailing whitespace from the action URL.

Error: 
  × Extra whitespace found in form action.
    ╭─[tests/check/form_action_whitespace/form_action_whitespace.invalid.html:11:15]
 10 │ <!-- Trailing whitespace with plain value -->
 11 │ <form action="asdf "></form>
    ·               ──┬──
    ·                 ╰── here
 12 │ 
    ╰────
  help: Remove leading and trailing whitespace from the action URL.

Error: 
  × Extra whitespace found in form action.
    ╭─[tests/check/form_action_whitespace/form_action_whitespace.invalid.html:15:19]
 14 │ {% if show_form %}
 15 │     <form action=" /submit/ "></form>
    ·                   ─────┬────
    ·                        ╰── here
 16 │ {% endif %}
    ╰────
  help: Remove leading and trailing whitespace from the action URL.
