---
source: crates/djangofmt_lint/tests/check/main.rs
---
  × Found 10 lint error(s)

Error: 
  × Extra whitespace found in form `action`.
   ╭─[tests/check/form_action_whitespace/form_action_whitespace.invalid.html:2:15]
 1 │ <!-- Leading whitespace -->
 2 │ <form action=" /submit/"></form>
   ·               ────┬────
   ·                   ╰── here
 3 │ 
   ╰────
  help: Remove leading and trailing whitespace from the `action` value.

Error: 
  × Extra whitespace found in form `action`.
   ╭─[tests/check/form_action_whitespace/form_action_whitespace.invalid.html:5:15]
 4 │ <!-- Trailing whitespace -->
 5 │ <form action="/submit/ "></form>
   ·               ────┬────
   ·                   ╰── here
 6 │ 
   ╰────
  help: Remove leading and trailing whitespace from the `action` value.

Error: 
  × Extra whitespace found in form `action`.
   ╭─[tests/check/form_action_whitespace/form_action_whitespace.invalid.html:8:15]
 7 │ <!-- Both -->
 8 │ <form action=" /submit/ "></form>
   ·               ─────┬────
   ·                    ╰── here
 9 │ 
   ╰────
  help: Remove leading and trailing whitespace from the `action` value.

Error: 
  × Extra whitespace found in form `action`.
    ╭─[tests/check/form_action_whitespace/form_action_whitespace.invalid.html:11:15]
 10 │ <!-- Whitespace-only value -->
 11 │ <form action="   "></form>
    ·               ─┬─
    ·                ╰── here
 12 │ 
    ╰────
  help: Remove leading and trailing whitespace from the `action` value.

Error: 
  × Extra whitespace found in form `action`.
    ╭─[tests/check/form_action_whitespace/form_action_whitespace.invalid.html:14:15]
 13 │ <!-- Tab and newline characters -->
 14 │ <form action="  /submit/
    ·               ─────┬─────
    ·                    ╰── here
 15 │ "></form>
 16 │ 
    ╰────
  help: Remove leading and trailing whitespace from the `action` value.

Error: 
  × Extra whitespace found in form `action`.
    ╭─[tests/check/form_action_whitespace/form_action_whitespace.invalid.html:18:15]
 17 │ <!-- Case-insensitive tag name -->
 18 │ <FORM action=" /submit/ "></FORM>
    ·               ─────┬────
    ·                    ╰── here
 19 │ <forM action="/submit/ "></forM>
    ╰────
  help: Remove leading and trailing whitespace from the `action` value.

Error: 
  × Extra whitespace found in form `action`.
    ╭─[tests/check/form_action_whitespace/form_action_whitespace.invalid.html:19:15]
 18 │ <FORM action=" /submit/ "></FORM>
 19 │ <forM action="/submit/ "></forM>
    ·               ────┬────
    ·                   ╰── here
 20 │ 
    ╰────
  help: Remove leading and trailing whitespace from the `action` value.

Error: 
  × Extra whitespace found in form `action`.
    ╭─[tests/check/form_action_whitespace/form_action_whitespace.invalid.html:22:15]
 21 │ <!-- Single-quoted -->
 22 │ <form action=' /submit/ '></form>
    ·               ─────┬────
    ·                    ╰── here
 23 │ 
    ╰────
  help: Remove leading and trailing whitespace from the `action` value.

Error: 
  × Extra whitespace found in form `action`.
    ╭─[tests/check/form_action_whitespace/form_action_whitespace.invalid.html:27:13]
 26 │     method="post"
 27 │     action=" /submit/ "
    ·             ─────┬────
    ·                  ╰── here
 28 │ ></form>
    ╰────
  help: Remove leading and trailing whitespace from the `action` value.

Error: 
  × Extra whitespace found in form `action`.
    ╭─[tests/check/form_action_whitespace/form_action_whitespace.invalid.html:32:19]
 31 │ {% if show_form %}
 32 │     <form action=" /submit/ "></form>
    ·                   ─────┬────
    ·                        ╰── here
 33 │ {% endif %}
    ╰────
  help: Remove leading and trailing whitespace from the `action` value.
