---
source: crates/djangofmt_lint/tests/check/main.rs
---
  × Found 1 lint error(s)

Error: 
  × Missing <title> tag inside <head>.
   ╭─[tests/check/missing_title/missing_title.html:3:2]
 2 │ <html lang="en">
 3 │ <head>
   ·  ──┬─
   ·    ╰── here
 4 │   <meta charset="utf-8">
   ╰────
  help: Add a `<title>` element inside `<head>`.
