---
source: crates/djangofmt_lint/tests/check/main.rs
---
  × Found 9 lint error(s)

Error: 
  × Missing or empty `<title>` in `<head>`.
   ╭─[tests/check/missing_title/missing_title.invalid.html:3:6]
 2 │ <html lang="en">
 3 │     <head>
   ·      ──┬─
   ·        ╰── here
 4 │     </head>
   ╰────
  help: Add a `<title>` element with descriptive text inside `<head>`.

Error: 
  × Missing or empty `<title>` in `<head>`.
    ╭─[tests/check/missing_title/missing_title.invalid.html:9:6]
  8 │ <html lang="en">
  9 │     <head>
    ·      ──┬─
    ·        ╰── here
 10 │         <meta charset="utf-8">
    ╰────
  help: Add a `<title>` element with descriptive text inside `<head>`.

Error: 
  × Missing or empty `<title>` in `<head>`.
    ╭─[tests/check/missing_title/missing_title.invalid.html:17:6]
 16 │ <HTML LANG="en">
 17 │     <HEAD>
    ·      ──┬─
    ·        ╰── here
 18 │         <META charset="utf-8">
    ╰────
  help: Add a `<title>` element with descriptive text inside `<head>`.

Error: 
  × Missing or empty `<title>` in `<head>`.
    ╭─[tests/check/missing_title/missing_title.invalid.html:23:2]
 22 │ <!-- <head> without an enclosing <html> -->
 23 │ <head>
    ·  ──┬─
    ·    ╰── here
 24 │     <meta charset="utf-8">
    ╰────
  help: Add a `<title>` element with descriptive text inside `<head>`.

Error: 
  × Missing or empty `<title>` in `<head>`.
    ╭─[tests/check/missing_title/missing_title.invalid.html:29:6]
 28 │ {% if base_template %}
 29 │     <head>
    ·      ──┬─
    ·        ╰── here
 30 │         <meta charset="utf-8">
    ╰────
  help: Add a `<title>` element with descriptive text inside `<head>`.

Error: 
  × Missing or empty `<title>` in `<head>`.
    ╭─[tests/check/missing_title/missing_title.invalid.html:36:6]
 35 │ <html lang="en">
 36 │     <head>
    ·      ──┬─
    ·        ╰── here
 37 │         <title></title>
    ╰────
  help: Fill the existing `<title>` element with descriptive text.

Error: 
  × Missing or empty `<title>` in `<head>`.
    ╭─[tests/check/missing_title/missing_title.invalid.html:43:6]
 42 │ <html lang="en">
 43 │     <head>
    ·      ──┬─
    ·        ╰── here
 44 │         <title>   </title>
    ╰────
  help: Fill the existing `<title>` element with descriptive text.

Error: 
  × Missing or empty `<title>` in `<head>`.
    ╭─[tests/check/missing_title/missing_title.invalid.html:50:6]
 49 │ <html lang="en">
 50 │     <head>
    ·      ──┬─
    ·        ╰── here
 51 │         <meta charset="utf-8">
    ╰────
  help: Add a `<title>` element with descriptive text inside `<head>`.

Error: 
  × Missing or empty `<title>` in `<head>`.
    ╭─[tests/check/missing_title/missing_title.invalid.html:61:6]
 60 │ <html amp lang="en">
 61 │     <head>
    ·      ──┬─
    ·        ╰── here
 62 │         <meta charset="utf-8">
    ╰────
  help: Add a `<title>` element with descriptive text inside `<head>`.
