---
source: crates/djangofmt_lint/tests/check/main.rs
---
  × Found 3 lint error(s)

Error: 
  × Duplicate attribute 'class'.
   ╭─[tests/check/duplicate_attr/duplicate_attr.html:5:18]
 4 │ <!-- Invalid -->
 5 │ <div class="foo" class="bar"></div>
   ·                  ──┬──
   ·                    ╰── here
 6 │ <img src="a.jpg" alt="A" src="b.jpg">
   ╰────
  help: Remove the duplicate attribute.

Error: 
  × img tag should have height and width attributes.
   ╭─[tests/check/duplicate_attr/duplicate_attr.html:6:2]
 5 │ <div class="foo" class="bar"></div>
 6 │ <img src="a.jpg" alt="A" src="b.jpg">
   ·  ─┬─
   ·   ╰── here
 7 │ 
   ╰────
  help: Add explicit height and width to avoid layout shifts.

Error: 
  × Duplicate attribute 'src'.
   ╭─[tests/check/duplicate_attr/duplicate_attr.html:6:26]
 5 │ <div class="foo" class="bar"></div>
 6 │ <img src="a.jpg" alt="A" src="b.jpg">
   ·                          ─┬─
   ·                           ╰── here
 7 │ 
   ╰────
  help: Remove the duplicate attribute.
